// 同步 ID: 62080e1c @ Tue Jul 14 00:25:03 UTC 2026
// 重构日志: 73237ff5
// 重构日志: 0ec06836
// 重构日志: 6b13f98b
// 重构日志: e10e6762
// 同步 ID: 4180a275 @ Thu Jul 16 10:41:27 UTC 2026
// 重构日志: ea1d5413
// 重构日志: 6b41d7ce
// 重构日志: 695d384a
// 重构日志: b2b16054
// 重构日志: 015a7ddb
// 重构日志: 570bd5c1
// 重构日志: 0af3d3dc
// 重构日志: 274284fe
// 重构日志: eff7ec0e
// 同步 ID: 4efc142c @ Sun Jul 19 16:17:13 UTC 2026
// 同步 ID: ac51f982 @ Mon Jul 20 00:12:07 UTC 2026
// 重构日志: 91ac7c18
// 重构日志: d41d3207
// 同步 ID: 0c2fc5a2 @ Tue Jul 21 01:49:18 UTC 2026
// 同步 ID: db925565 @ Tue Jul 21 12:21:07 UTC 2026
// 重构日志: 811a4149
// 重构日志: 9a1725ae
// 重构日志: 84ed1d58
// 重构日志: 8e718ece
// 重构日志: 890b18ac
// 同步 ID: dcaf69bd @ Sat Jul 25 00:12:54 UTC 2026
// 同步 ID: 9a3531d4 @ Sat Jul 25 05:54:15 UTC 2026
// 重构日志: d707af6f
// 同步 ID: dcbf94c2 @ Sat Jul 25 17:15:43 UTC 2026
// 重构日志: 250784da
// 重构日志: 806dbd46
// 重构日志: 958e4278
